[antwar.io/index.html]
[backblue.gif]
[fade.gif]
[index.html]
[antwar.io/assets/screenshot.png]
[www.google-analytics.com/analytics.js]
[antwar.io/css/styles8035.css]
[api.adinplay.com/libs/aiptag/pub/RBZ/antwar.io/tag.min.js]
[apis.google.com/js/platform.js]
[cdn.ravenjs.com/3.24.0/raven.min.js]
[antwar.io/assets/loading.gif]
[antwar.io/assets/screenshot_lowres.png]
[antwar.io/assets/rank_icon.png]
[antwar.io/assets/money_icon.png]
[antwar.io/assets/logo.png]
[antwar.io/assets/discord_logo.png]
[antwar.io/assets/patreon_button.png]
[antwar.io/assets/shop_coins.png]
[antwar.io/assets/shop_cosmetics.png]
[antwar.io/assets/tutorial.png]
[antwar.io/js/app.min8035.js]
[antwar.io/js/vendor.min8035.js]
[antwar.io/index.html]
[maxcdn.bootstrapcdn.com/font-awesome/4.7.0/css/font-awesome.min.css]
[antwar.io/css/styles8035.css]
[antwar.io/assets/powered_by_stripe.svg]
[maxcdn.bootstrapcdn.com/font-awesome/4.7.0/css/font-awesome.min.css]
[spacegolf.io/assets/screenshot.html]
